Godot Engine v4.6.1.stable.official.14d19694e - https://godotengine.org
Metal 4.0 - Forward+ - Using Device #0: Apple - Apple M5 (Apple9)

[PythonBridge] Listening on port 9094
[ag-race] Reset | Seed: 42 | Config: AG-RACE-v1-3786589023 | Agents: 2 | Track hash: 346025456 | Events hash: 515628646
[PythonBridge] Client connected from 127.0.0.1
[ag-race] Reset | Seed: 999 | Config: AG-RACE-v1-1368570187 | Agents: 5 | Track hash: 17285406 | Events hash: 3395179083
=== EPISODE END ===
  seed:                999
  config_hash:         AG-RACE-v1-1368570187
  track_hash:          17285406
  event_schedule_hash: 3395179083
  total_steps:         2000
  terminated_cause:    none
  truncated_cause:     max_steps_2000
  --- Agent 0 ---
    reward_total:     -3046.519
    final_progress:   0.0000
    off_track_time:   133.33s
    collisions:       1382
    stuck_events:     25
  --- Agent 1 ---
    reward_total:     -824.084
    final_progress:   0.0067
    off_track_time:   0.00s
    collisions:       1964
    stuck_events:     0
  --- Agent 2 ---
    reward_total:     -613.337
    final_progress:   0.0168
    off_track_time:   0.00s
    collisions:       1957
    stuck_events:     0
  --- Agent 3 ---
    reward_total:     +285.200
    final_progress:   0.0476
    off_track_time:   0.00s
    collisions:       509
    stuck_events:     58
  --- Agent 4 ---
    reward_total:     -5598.675
    final_progress:   1.0000
    off_track_time:   133.33s
    collisions:       0
    stuck_events:     82
[ag-race] Reset | Seed: 999 | Config: AG-RACE-v1-1368570187 | Agents: 5 | Track hash: 17285406 | Events hash: 3395179083
